------------------------------------------------------------------------------------------------------------------------------
      name:  <unnamed>
       log:  C:\Users\qc18278\OneDrive - University of Bristol\Documents\GitHub\os-sch-children-2021\analysis\log/08_an_tablec
> ontent_HRtable_.log
  log type:  text
 opened on:  22 Jul 2021, 17:02:45

. 
. 
. ***********************************************************************************************************************
. *Generic code to ouput the HRs across outcomes for all levels of a particular variables, in the right shape for table
. cap prog drop outputHRsforvar

. prog define outputHRsforvar
  1. syntax, variable(string) min(real) max(real) outcome(string)
  2. foreach period in 1 2 3 {
  3. forvalues x=0/1 {
  4. file write tablecontents ("age") ("`x'") _n
  5. forvalues i=`min'/`max'{
  6. local endwith "_tab"
  7. 
.         *put the varname and condition to left so that alignment can be checked vs shell
.         file write tablecontents ("`variable'") _tab ("`i'") _tab ("`period'") _tab 
  8.         
.         use "$tempdir/cr_create_analysis_period_STSET_`outcome'_ageband_`x'`period'.dta", clear
  9.         *put total N, PYFU and Rate in table
.         cou if `variable' == `i' & _d == 1
 10.         local event = r(N)
 11.     bysort `variable': egen total_follow_up = total(_t)
 12.         su total_follow_up if `variable' == `i'
 13.         local person_days = r(mean)
 14.         local person_years=`person_days'/365.25
 15.         local rate = 100000*(`event'/`person_years')
 16.         
.         file write tablecontents (`event') _tab %10.0f (`person_years') _tab %3.2f (`rate') _tab
 17.         drop total_follow_up
 18.         
.         
.         *models
.         foreach modeltype of any minadj demogadj fulladj  {
 19.         
.                 local noestimatesflag 0 /*reset*/
 20. 
. *CHANGE THE OUTCOME BELOW TO LAST IF BRINGING IN MORE COLS
.                 if "`modeltype'"=="fulladj" local endwith "_n"
 21. 
.                 ***********************
.                 *1) GET THE RIGHT ESTIMATES INTO MEMORY
.                 
.                 if "`modeltype'"=="minadj" {
 22.                         cap estimates use ./output/an_univariable_cox_models_`variable'_`outcome'_AGESEX_ageband_`x'`peri
> od'
 23.                         if _rc!=0 local noestimatesflag 1
 24.                         }
 25.                 if "`modeltype'"=="demogadj" {
 26.                         cap estimates use ./output/an_multivariate_cox_models_`outcome'_`variable'_DEMOGADJ_ageband_`x'`p
> eriod'
 27.                         if _rc!=0 local noestimatesflag 1
 28.                         }
 29.                 if "`modeltype'"=="fulladj" {
 30.                         cap estimates use ./output/an_multivariate_cox_models_`outcome'_`variable'_MAINFULLYADJMODEL_ageb
> and_`x'`period' 
 31.                         if _rc!=0 local noestimatesflag 1
 32.                         }
 33.                 
.                 ***********************
.                 *2) WRITE THE HRs TO THE OUTPUT FILE
.                 
.                 if `noestimatesflag'==0{
 34.                         cap lincom `i'.`variable', eform
 35.                         if _rc==0 file write tablecontents %4.2f (r(estimate)) (" (") %4.2f (r(lb)) ("-") %4.2f (r(ub)) (
> ")") `endwith'
 36.                                 else file write tablecontents %4.2f ("ERR IN MODEL") `endwith'
 37.                         }
 38.                         else file write tablecontents %4.2f ("DID NOT FIT") `endwith' 
 39.                         
.                 *3) Save the estimates for plotting
.                 if `noestimatesflag'==0{
 40.                         if "`modeltype'"=="fulladj" {
 41.                                 local hr = r(estimate)
 42.                                 local lb = r(lb)
 43.                                 local ub = r(ub)
 44.                                 cap gen `variable'=.
 45.                                 testparm i.`variable'
 46.                                 *drop `variable'
.                                 }
 47.                 }       
 48.                 } /*min adj, full adj*/
 49.                 
. } /*variable levels*/
 50. 
. } /*agebands*/
 51. 
. } /*Waves*/
 52. end

. ***********************************************************************************************************************
. /*Generic code to write a full row of "ref category" to the output file
> cap prog drop refline
> prog define refline
> file write tablecontents _tab _tab ("1.00 (ref)") _tab ("1.00 (ref)")  _n
> end*/
. ***********************************************************************************************************************
. 
. *MAIN CODE TO PRODUCE TABLE CONTENTS
. 
. cap file close tablecontents

. file open tablecontents using ./output/an_tablecontents_HRtable_`outcome'.txt, t w replace 
(note: file ./output/an_tablecontents_HRtable_.txt not found)

. 
. *Primary exposure
. outputHRsforvar, variable("kids_cat4") min(0) max(3) outcome(`outcome')
option outcome() required
r(198);

end of do-file

r(198);

. do "C:\Users\qc18278\AppData\Local\Temp\STD1ff0_000000.tmp"

. *Tabulate results
. foreach outcome of any  non_covid_death covid_tpp_prob covid_death covid_icu covidadmission   {
  2.         do "08_an_tablecontent_HRtable.do" `outcome'
  3. }

. *************************************************************************
. *Do file: 08_an_tablecontent_HRtable
. *
. *Purpose: Create content that is ready to paste into a pre-formatted Word 
. * shell table containing minimally and fully-adjusted HRs for risk factors
. * of interest, across 2 outcomes 
. *
. *Requires: final analysis period (analysis_period.dta)
. *
. *Coding: HFORBES, based on file from Krishnan Bhaskaran
. *
. *Date drafted: 30th June 2020
. *************************************************************************
. 
. global outdir     "output"

. global logdir     "log"

. global tempdir    "tempdata"

. 
. local outcome `1' 

. 
. * Open a log file
. capture log close
